17/04/2024 — experiment started
18/04/2024 — first test
19/04/2024 — changed the layout
20/04/2024 — fixed the first error
21/04/2024 — moved the important part
22/04/2024 — tested again
23/04/2024 — removed unused files
24/04/2024 — changed the naming
25/04/2024 — added another test
26/04/2024 — cleaned the folder
27/04/2024 — page is still alive
28/04/2024 — checked the old version
29/04/2024 — nothing important
30/04/2024 — changed the notes
01/05/2024 — started again
02/05/2024 — fixed broken link
03/05/2024 — tested locally
04/05/2024 — changed the header
05/05/2024 — removed old code
06/05/2024 — added temporary file
07/05/2024 — temporary file removed
08/05/2024 — checked backup
09/05/2024 — backup looked fine
10/05/2024 — changed project name
11/05/2024 — reverted project name
12/05/2024 — tested old build
13/05/2024 — old build still works
14/05/2024 — cleaned source
15/05/2024 — added comments
16/05/2024 — removed comments
17/05/2024 — changed page title
18/05/2024 — checked mobile layout
19/05/2024 — fixed spacing
20/05/2024 — tested again
21/05/2024 — found an old screenshot
22/05/2024 — moved screenshot
23/05/2024 — renamed screenshot
24/05/2024 — checked repository
25/05/2024 — repository looked clean
26/05/2024 — added another backup
27/05/2024 — backup moved
28/05/2024 — checked old files
29/05/2024 — deleted duplicates
30/05/2024 — tested deployment
31/05/2024 — deployment worked
01/06/2024 — changed the footer
02/06/2024 — fixed a small bug
03/06/2024 — tested the page
04/06/2024 — changed the font
05/06/2024 — reverted the font
06/06/2024 — checked old notes
07/06/2024 — notes were incomplete
08/06/2024 — added missing details
09/06/2024 — removed unnecessary details
10/06/2024 — created another backup
11/06/2024 — checked backup
12/06/2024 — backup opened correctly
13/06/2024 — changed folder structure
14/06/2024 — restored old structure
15/06/2024 — tested links
16/06/2024 — one link failed
17/06/2024 — fixed the link
18/06/2024 — tested again
19/06/2024 — everything worked
20/06/2024 — changed the page description
21/06/2024 — checked source
22/06/2024 — found old comments
23/06/2024 — removed old comments
24/06/2024 — created local copy
25/06/2024 — local copy tested
26/06/2024 — compared old versions
27/06/2024 — old version looked better
28/06/2024 — kept the newer version
29/06/2024 — archived old files
30/06/2024 — checked archive
01/07/2024 — archive still opens
02/07/2024 — changed one filename
03/07/2024 — fixed reference
04/07/2024 — tested reference
05/07/2024 — checked repository history
06/07/2024 — history looks normal
07/07/2024 — added another note
08/07/2024 — removed another note
09/07/2024 — tested old page
10/07/2024 — page still loads
11/07/2024 — changed metadata
12/07/2024 — checked metadata
13/07/2024 — cleaned repository
14/07/2024 — tested everything
15/07/2024 — created final backup
16/07/2024 — checked final backup
17/07/2024 — backup is readable
18/07/2024 — moved backup
19/07/2024 — checked old location
20/07/2024 — old location empty
21/07/2024 — restored one file
22/07/2024 — tested restored file
23/07/2024 — everything looks fine
24/07/2024 — changed project description
25/07/2024 — checked old description
26/07/2024 — cleaned unused files
27/07/2024 — page is still alive
28/07/2024 — checked the archive again
29/07/2024 — no new changes
30/07/2024 — stopped working on the experiment
31/07/2024 — left the old page online
01/08/2024 — checked it one last time
02/08/2024 — nothing changed
03/08/2024 — archive remains
04/08/2024 — old files remain
05/08/2024 — experiment officially archived
06/08/2024 — no further changes
07/08/2024 — final check
08/08/2024 — finished
